running egg_info
creating ../../../build/rnm_sample/rnm_sample.egg-info
writing ../../../build/rnm_sample/rnm_sample.egg-info/PKG-INFO
writing dependency_links to ../../../build/rnm_sample/rnm_sample.egg-info/dependency_links.txt
writing entry points to ../../../build/rnm_sample/rnm_sample.egg-info/entry_points.txt
writing requirements to ../../../build/rnm_sample/rnm_sample.egg-info/requires.txt
writing top-level names to ../../../build/rnm_sample/rnm_sample.egg-info/top_level.txt
writing manifest file '../../../build/rnm_sample/rnm_sample.egg-info/SOURCES.txt'
reading manifest file '../../../build/rnm_sample/rnm_sample.egg-info/SOURCES.txt'
writing manifest file '../../../build/rnm_sample/rnm_sample.egg-info/SOURCES.txt'
running build
running build_py
creating /home/yannic1896/Desktop/Studium/Master/RNM/RNM/rnm-workspace-main/build/rnm_sample/build
creating /home/yannic1896/Desktop/Studium/Master/RNM/RNM/rnm-workspace-main/build/rnm_sample/build/lib
creating /home/yannic1896/Desktop/Studium/Master/RNM/RNM/rnm-workspace-main/build/rnm_sample/build/lib/rnm_sample
copying rnm_sample/listener.py -> /home/yannic1896/Desktop/Studium/Master/RNM/RNM/rnm-workspace-main/build/rnm_sample/build/lib/rnm_sample
copying rnm_sample/talker.py -> /home/yannic1896/Desktop/Studium/Master/RNM/RNM/rnm-workspace-main/build/rnm_sample/build/lib/rnm_sample
copying rnm_sample/__init__.py -> /home/yannic1896/Desktop/Studium/Master/RNM/RNM/rnm-workspace-main/build/rnm_sample/build/lib/rnm_sample
running install
/usr/lib/python3/dist-packages/setuptools/_distutils/cmd.py:66: SetuptoolsDeprecationWarning: setup.py install is deprecated.
!!

        ********************************************************************************
        Please avoid running ``setup.py`` directly.
        Instead, use pypa/build, pypa/installer or other
        standards-based tools.

        See https://blog.ganssle.io/articles/2021/10/setup-py-deprecated.html for details.
        ********************************************************************************

!!
  self.initialize_options()
running install_lib
creating /home/yannic1896/Desktop/Studium/Master/RNM/RNM/rnm-workspace-main/install/rnm_sample/lib/python3.12/site-packages/rnm_sample
copying /home/yannic1896/Desktop/Studium/Master/RNM/RNM/rnm-workspace-main/build/rnm_sample/build/lib/rnm_sample/listener.py -> /home/yannic1896/Desktop/Studium/Master/RNM/RNM/rnm-workspace-main/install/rnm_sample/lib/python3.12/site-packages/rnm_sample
copying /home/yannic1896/Desktop/Studium/Master/RNM/RNM/rnm-workspace-main/build/rnm_sample/build/lib/rnm_sample/talker.py -> /home/yannic1896/Desktop/Studium/Master/RNM/RNM/rnm-workspace-main/install/rnm_sample/lib/python3.12/site-packages/rnm_sample
copying /home/yannic1896/Desktop/Studium/Master/RNM/RNM/rnm-workspace-main/build/rnm_sample/build/lib/rnm_sample/__init__.py -> /home/yannic1896/Desktop/Studium/Master/RNM/RNM/rnm-workspace-main/install/rnm_sample/lib/python3.12/site-packages/rnm_sample
byte-compiling /home/yannic1896/Desktop/Studium/Master/RNM/RNM/rnm-workspace-main/install/rnm_sample/lib/python3.12/site-packages/rnm_sample/listener.py to listener.cpython-312.pyc
byte-compiling /home/yannic1896/Desktop/Studium/Master/RNM/RNM/rnm-workspace-main/install/rnm_sample/lib/python3.12/site-packages/rnm_sample/talker.py to talker.cpython-312.pyc
byte-compiling /home/yannic1896/Desktop/Studium/Master/RNM/RNM/rnm-workspace-main/install/rnm_sample/lib/python3.12/site-packages/rnm_sample/__init__.py to __init__.cpython-312.pyc
running install_data
creating /home/yannic1896/Desktop/Studium/Master/RNM/RNM/rnm-workspace-main/install/rnm_sample/share/ament_index
creating /home/yannic1896/Desktop/Studium/Master/RNM/RNM/rnm-workspace-main/install/rnm_sample/share/ament_index/resource_index
creating /home/yannic1896/Desktop/Studium/Master/RNM/RNM/rnm-workspace-main/install/rnm_sample/share/ament_index/resource_index/packages
copying resource/rnm_sample -> /home/yannic1896/Desktop/Studium/Master/RNM/RNM/rnm-workspace-main/install/rnm_sample/share/ament_index/resource_index/packages
copying package.xml -> /home/yannic1896/Desktop/Studium/Master/RNM/RNM/rnm-workspace-main/install/rnm_sample/share/rnm_sample
creating /home/yannic1896/Desktop/Studium/Master/RNM/RNM/rnm-workspace-main/install/rnm_sample/share/rnm_sample/launch
copying launch/rnm_sample.launch.py -> /home/yannic1896/Desktop/Studium/Master/RNM/RNM/rnm-workspace-main/install/rnm_sample/share/rnm_sample/launch
running install_egg_info
Copying ../../../build/rnm_sample/rnm_sample.egg-info to /home/yannic1896/Desktop/Studium/Master/RNM/RNM/rnm-workspace-main/install/rnm_sample/lib/python3.12/site-packages/rnm_sample-0.0.0-py3.12.egg-info
running install_scripts
Installing listener script to /home/yannic1896/Desktop/Studium/Master/RNM/RNM/rnm-workspace-main/install/rnm_sample/lib/rnm_sample
Installing talker script to /home/yannic1896/Desktop/Studium/Master/RNM/RNM/rnm-workspace-main/install/rnm_sample/lib/rnm_sample
writing list of installed files to '/home/yannic1896/Desktop/Studium/Master/RNM/RNM/rnm-workspace-main/build/rnm_sample/install.log'
