/rnm-workspace/install/rnm_tools/lib/python3.10/site-packages/rnm_tools/joint_command_publisher.py
/rnm-workspace/install/rnm_tools/lib/python3.10/site-packages/rnm_tools/urdf_visualizer.py
/rnm-workspace/install/rnm_tools/lib/python3.10/site-packages/rnm_tools/__init__.py
/rnm-workspace/install/rnm_tools/lib/python3.10/site-packages/rnm_tools/__pycache__/joint_command_publisher.cpython-310.pyc
/rnm-workspace/install/rnm_tools/lib/python3.10/site-packages/rnm_tools/__pycache__/urdf_visualizer.cpython-310.pyc
/rnm-workspace/install/rnm_tools/lib/python3.10/site-packages/rnm_tools/__pycache__/__init__.cpython-310.pyc
/rnm-workspace/install/rnm_tools/share/ament_index/resource_index/packages/rnm_tools
/rnm-workspace/install/rnm_tools/share/rnm_tools/package.xml
/rnm-workspace/install/rnm_tools/share/rnm_tools/launch/rnm_panda_sim.launch.py
/rnm-workspace/install/rnm_tools/share/rnm_tools/launch/visualizer.launch.py
/rnm-workspace/install/rnm_tools/share/rnm_tools/config/sim/single_sim_controllers.yaml
/rnm-workspace/install/rnm_tools/lib/python3.10/site-packages/rnm_tools-0.0.0-py3.10.egg-info/dependency_links.txt
/rnm-workspace/install/rnm_tools/lib/python3.10/site-packages/rnm_tools-0.0.0-py3.10.egg-info/requires.txt
/rnm-workspace/install/rnm_tools/lib/python3.10/site-packages/rnm_tools-0.0.0-py3.10.egg-info/entry_points.txt
/rnm-workspace/install/rnm_tools/lib/python3.10/site-packages/rnm_tools-0.0.0-py3.10.egg-info/SOURCES.txt
/rnm-workspace/install/rnm_tools/lib/python3.10/site-packages/rnm_tools-0.0.0-py3.10.egg-info/zip-safe
/rnm-workspace/install/rnm_tools/lib/python3.10/site-packages/rnm_tools-0.0.0-py3.10.egg-info/PKG-INFO
/rnm-workspace/install/rnm_tools/lib/python3.10/site-packages/rnm_tools-0.0.0-py3.10.egg-info/top_level.txt
/rnm-workspace/install/rnm_tools/lib/rnm_tools/joint_command_publisher
/rnm-workspace/install/rnm_tools/lib/rnm_tools/urdf_visualizer
