[0.611s] DEBUG:colcon:Command line arguments: ['/usr/bin/colcon', 'build', '--packages-select', 'rnm_sample']
[0.611s] DEBUG:colcon:Parsed command line arguments: Namespace(log_base=None, log_level=None, verb_name='build', build_base='build', install_base='install', merge_install=False, symlink_install=False, test_result_base=None, continue_on_error=False, executor='parallel', parallel_workers=16, event_handlers=None, ignore_user_meta=False, metas=['./colcon.meta'], base_paths=['.'], packages_ignore=None, packages_ignore_regex=None, paths=None, packages_up_to=None, packages_up_to_regex=None, packages_above=None, packages_above_and_dependencies=None, packages_above_depth=None, packages_select_by_dep=None, packages_skip_by_dep=None, packages_skip_up_to=None, packages_select_build_failed=False, packages_skip_build_finished=False, packages_select_test_failures=False, packages_skip_test_passed=False, packages_select=['rnm_sample'], packages_skip=None, packages_select_regex=None, packages_skip_regex=None, packages_start=None, packages_end=None, cmake_args=None, cmake_target=None, cmake_target_skip_unavailable=False, cmake_clean_cache=False, cmake_clean_first=False, cmake_force_configure=False, ament_cmake_args=None, catkin_cmake_args=None, catkin_skip_building_tests=False, verb_parser=<colcon_defaults.argument_parser.defaults.DefaultArgumentsDecorator object at 0x75cbd0f99850>, verb_extension=<colcon_core.verb.build.BuildVerb object at 0x75cbd1183980>, main=<bound method BuildVerb.main of <colcon_core.verb.build.BuildVerb object at 0x75cbd1183980>>)
[0.658s] Level 1:colcon.colcon_core.package_discovery:discover_packages(colcon_meta) check parameters
[0.658s] Level 1:colcon.colcon_core.package_discovery:discover_packages(recursive) check parameters
[0.659s] Level 1:colcon.colcon_core.package_discovery:discover_packages(ignore) check parameters
[0.659s] Level 1:colcon.colcon_core.package_discovery:discover_packages(path) check parameters
[0.659s] Level 1:colcon.colcon_core.package_discovery:discover_packages(colcon_meta) discover
[0.659s] Level 1:colcon.colcon_core.package_discovery:discover_packages(recursive) discover
[0.659s] INFO:colcon.colcon_core.package_discovery:Crawling recursively for packages in '/home/yannic1896/Desktop/Studium/Master/RNM/RNM/rnm-workspace-main'
[0.659s] Level 1:colcon.colcon_core.package_identification:_identify(.) by extensions ['ignore', 'ignore_ament_install']
[0.659s] Level 1:colcon.colcon_core.package_identification:_identify(.) by extension 'ignore'
[0.659s] Level 1:colcon.colcon_core.package_identification:_identify(.) by extension 'ignore_ament_install'
[0.659s] Level 1:colcon.colcon_core.package_identification:_identify(.) by extensions ['colcon_pkg']
[0.659s] Level 1:colcon.colcon_core.package_identification:_identify(.) by extension 'colcon_pkg'
[0.659s] Level 1:colcon.colcon_core.package_identification:_identify(.) by extensions ['colcon_meta']
[0.659s] Level 1:colcon.colcon_core.package_identification:_identify(.) by extension 'colcon_meta'
[0.659s] Level 1:colcon.colcon_core.package_identification:_identify(.) by extensions ['ros']
[0.659s] Level 1:colcon.colcon_core.package_identification:_identify(.) by extension 'ros'
[0.676s] Level 1:colcon.colcon_core.package_identification:_identify(.) by extensions ['cmake', 'python']
[0.676s] Level 1:colcon.colcon_core.package_identification:_identify(.) by extension 'cmake'
[0.676s] Level 1:colcon.colcon_core.package_identification:_identify(.) by extension 'python'
[0.676s] Level 1:colcon.colcon_core.package_identification:_identify(.) by extensions ['python_setup_py']
[0.676s] Level 1:colcon.colcon_core.package_identification:_identify(.) by extension 'python_setup_py'
[0.676s] Level 1:colcon.colcon_core.package_identification:_identify(build) by extensions ['ignore', 'ignore_ament_install']
[0.676s] Level 1:colcon.colcon_core.package_identification:_identify(build) by extension 'ignore'
[0.676s] Level 1:colcon.colcon_core.package_identification:_identify(build) ignored
[0.677s] Level 1:colcon.colcon_core.package_identification:_identify(install) by extensions ['ignore', 'ignore_ament_install']
[0.677s] Level 1:colcon.colcon_core.package_identification:_identify(install) by extension 'ignore'
[0.677s] Level 1:colcon.colcon_core.package_identification:_identify(install) ignored
[0.677s] Level 1:colcon.colcon_core.package_identification:_identify(log) by extensions ['ignore', 'ignore_ament_install']
[0.677s] Level 1:colcon.colcon_core.package_identification:_identify(log) by extension 'ignore'
[0.677s] Level 1:colcon.colcon_core.package_identification:_identify(log) ignored
[0.677s] Level 1:colcon.colcon_core.package_identification:_identify(ros2_ws) by extensions ['ignore', 'ignore_ament_install']
[0.677s] Level 1:colcon.colcon_core.package_identification:_identify(ros2_ws) by extension 'ignore'
[0.677s] Level 1:colcon.colcon_core.package_identification:_identify(ros2_ws) by extension 'ignore_ament_install'
[0.677s] Level 1:colcon.colcon_core.package_identification:_identify(ros2_ws) by extensions ['colcon_pkg']
[0.677s] Level 1:colcon.colcon_core.package_identification:_identify(ros2_ws) by extension 'colcon_pkg'
[0.677s] Level 1:colcon.colcon_core.package_identification:_identify(ros2_ws) by extensions ['colcon_meta']
[0.677s] Level 1:colcon.colcon_core.package_identification:_identify(ros2_ws) by extension 'colcon_meta'
[0.677s] Level 1:colcon.colcon_core.package_identification:_identify(ros2_ws) by extensions ['ros']
[0.677s] Level 1:colcon.colcon_core.package_identification:_identify(ros2_ws) by extension 'ros'
[0.678s] Level 1:colcon.colcon_core.package_identification:_identify(ros2_ws) by extensions ['cmake', 'python']
[0.678s] Level 1:colcon.colcon_core.package_identification:_identify(ros2_ws) by extension 'cmake'
[0.678s] Level 1:colcon.colcon_core.package_identification:_identify(ros2_ws) by extension 'python'
[0.678s] Level 1:colcon.colcon_core.package_identification:_identify(ros2_ws) by extensions ['python_setup_py']
[0.678s] Level 1:colcon.colcon_core.package_identification:_identify(ros2_ws) by extension 'python_setup_py'
[0.678s] Level 1:colcon.colcon_core.package_identification:_identify(ros2_ws/src) by extensions ['ignore', 'ignore_ament_install']
[0.678s] Level 1:colcon.colcon_core.package_identification:_identify(ros2_ws/src) by extension 'ignore'
[0.678s] Level 1:colcon.colcon_core.package_identification:_identify(ros2_ws/src) by extension 'ignore_ament_install'
[0.678s] Level 1:colcon.colcon_core.package_identification:_identify(ros2_ws/src) by extensions ['colcon_pkg']
[0.678s] Level 1:colcon.colcon_core.package_identification:_identify(ros2_ws/src) by extension 'colcon_pkg'
[0.678s] Level 1:colcon.colcon_core.package_identification:_identify(ros2_ws/src) by extensions ['colcon_meta']
[0.678s] Level 1:colcon.colcon_core.package_identification:_identify(ros2_ws/src) by extension 'colcon_meta'
[0.678s] Level 1:colcon.colcon_core.package_identification:_identify(ros2_ws/src) by extensions ['ros']
[0.678s] Level 1:colcon.colcon_core.package_identification:_identify(ros2_ws/src) by extension 'ros'
[0.678s] Level 1:colcon.colcon_core.package_identification:_identify(ros2_ws/src) by extensions ['cmake', 'python']
[0.678s] Level 1:colcon.colcon_core.package_identification:_identify(ros2_ws/src) by extension 'cmake'
[0.678s] Level 1:colcon.colcon_core.package_identification:_identify(ros2_ws/src) by extension 'python'
[0.678s] Level 1:colcon.colcon_core.package_identification:_identify(ros2_ws/src) by extensions ['python_setup_py']
[0.678s] Level 1:colcon.colcon_core.package_identification:_identify(ros2_ws/src) by extension 'python_setup_py'
[0.678s] Level 1:colcon.colcon_core.package_identification:_identify(ros2_ws/src/rnm_sample) by extensions ['ignore', 'ignore_ament_install']
[0.678s] Level 1:colcon.colcon_core.package_identification:_identify(ros2_ws/src/rnm_sample) by extension 'ignore'
[0.678s] Level 1:colcon.colcon_core.package_identification:_identify(ros2_ws/src/rnm_sample) by extension 'ignore_ament_install'
[0.679s] Level 1:colcon.colcon_core.package_identification:_identify(ros2_ws/src/rnm_sample) by extensions ['colcon_pkg']
[0.679s] Level 1:colcon.colcon_core.package_identification:_identify(ros2_ws/src/rnm_sample) by extension 'colcon_pkg'
[0.679s] Level 1:colcon.colcon_core.package_identification:_identify(ros2_ws/src/rnm_sample) by extensions ['colcon_meta']
[0.679s] Level 1:colcon.colcon_core.package_identification:_identify(ros2_ws/src/rnm_sample) by extension 'colcon_meta'
[0.679s] Level 1:colcon.colcon_core.package_identification:_identify(ros2_ws/src/rnm_sample) by extensions ['ros']
[0.679s] Level 1:colcon.colcon_core.package_identification:_identify(ros2_ws/src/rnm_sample) by extension 'ros'
[0.680s] DEBUG:colcon.colcon_core.package_identification:Package 'ros2_ws/src/rnm_sample' with type 'ros.ament_python' and name 'rnm_sample'
[0.681s] Level 1:colcon.colcon_core.package_identification:_identify(ros2_ws/src/rnm_tools) by extensions ['ignore', 'ignore_ament_install']
[0.681s] Level 1:colcon.colcon_core.package_identification:_identify(ros2_ws/src/rnm_tools) by extension 'ignore'
[0.681s] Level 1:colcon.colcon_core.package_identification:_identify(ros2_ws/src/rnm_tools) by extension 'ignore_ament_install'
[0.681s] Level 1:colcon.colcon_core.package_identification:_identify(ros2_ws/src/rnm_tools) by extensions ['colcon_pkg']
[0.681s] Level 1:colcon.colcon_core.package_identification:_identify(ros2_ws/src/rnm_tools) by extension 'colcon_pkg'
[0.681s] Level 1:colcon.colcon_core.package_identification:_identify(ros2_ws/src/rnm_tools) by extensions ['colcon_meta']
[0.681s] Level 1:colcon.colcon_core.package_identification:_identify(ros2_ws/src/rnm_tools) by extension 'colcon_meta'
[0.681s] Level 1:colcon.colcon_core.package_identification:_identify(ros2_ws/src/rnm_tools) by extensions ['ros']
[0.681s] Level 1:colcon.colcon_core.package_identification:_identify(ros2_ws/src/rnm_tools) by extension 'ros'
[0.681s] DEBUG:colcon.colcon_core.package_identification:Package 'ros2_ws/src/rnm_tools' with type 'ros.ament_python' and name 'rnm_tools'
[0.681s] Level 1:colcon.colcon_core.package_discovery:discover_packages(recursive) using defaults
[0.681s] Level 1:colcon.colcon_core.package_discovery:discover_packages(ignore) discover
[0.681s] Level 1:colcon.colcon_core.package_discovery:discover_packages(ignore) using defaults
[0.681s] Level 1:colcon.colcon_core.package_discovery:discover_packages(path) discover
[0.681s] Level 1:colcon.colcon_core.package_discovery:discover_packages(path) using defaults
[0.715s] INFO:colcon.colcon_core.package_selection:Skipping not selected package 'rnm_tools' in 'ros2_ws/src/rnm_tools'
[0.721s] Level 5:colcon.colcon_core.verb:set package 'rnm_sample' build argument 'cmake_args' from command line to 'None'
[0.721s] Level 5:colcon.colcon_core.verb:set package 'rnm_sample' build argument 'cmake_target' from command line to 'None'
[0.721s] Level 5:colcon.colcon_core.verb:set package 'rnm_sample' build argument 'cmake_target_skip_unavailable' from command line to 'False'
[0.721s] Level 5:colcon.colcon_core.verb:set package 'rnm_sample' build argument 'cmake_clean_cache' from command line to 'False'
[0.721s] Level 5:colcon.colcon_core.verb:set package 'rnm_sample' build argument 'cmake_clean_first' from command line to 'False'
[0.721s] Level 5:colcon.colcon_core.verb:set package 'rnm_sample' build argument 'cmake_force_configure' from command line to 'False'
[0.721s] Level 5:colcon.colcon_core.verb:set package 'rnm_sample' build argument 'ament_cmake_args' from command line to 'None'
[0.721s] Level 5:colcon.colcon_core.verb:set package 'rnm_sample' build argument 'catkin_cmake_args' from command line to 'None'
[0.721s] Level 5:colcon.colcon_core.verb:set package 'rnm_sample' build argument 'catkin_skip_building_tests' from command line to 'False'
[0.721s] DEBUG:colcon.colcon_core.verb:Building package 'rnm_sample' with the following arguments: {'ament_cmake_args': None, 'build_base': '/home/yannic1896/Desktop/Studium/Master/RNM/RNM/rnm-workspace-main/build/rnm_sample', 'catkin_cmake_args': None, 'catkin_skip_building_tests': False, 'cmake_args': None, 'cmake_clean_cache': False, 'cmake_clean_first': False, 'cmake_force_configure': False, 'cmake_target': None, 'cmake_target_skip_unavailable': False, 'install_base': '/home/yannic1896/Desktop/Studium/Master/RNM/RNM/rnm-workspace-main/install/rnm_sample', 'merge_install': False, 'path': '/home/yannic1896/Desktop/Studium/Master/RNM/RNM/rnm-workspace-main/ros2_ws/src/rnm_sample', 'symlink_install': False, 'test_result_base': None}
[0.726s] INFO:colcon.colcon_core.executor:Executing jobs using 'parallel' executor
[0.733s] DEBUG:colcon.colcon_parallel_executor.executor.parallel:run_until_complete
[0.733s] INFO:colcon.colcon_ros.task.ament_python.build:Building ROS package in '/home/yannic1896/Desktop/Studium/Master/RNM/RNM/rnm-workspace-main/ros2_ws/src/rnm_sample' with build type 'ament_python'
[0.733s] Level 1:colcon.colcon_core.shell:create_environment_hook('rnm_sample', 'ament_prefix_path')
[0.741s] INFO:colcon.colcon_core.plugin_system:Skipping extension 'colcon_core.shell.bat': Not used on non-Windows systems
[0.741s] INFO:colcon.colcon_core.shell:Creating environment descriptor '/home/yannic1896/Desktop/Studium/Master/RNM/RNM/rnm-workspace-main/install/rnm_sample/share/rnm_sample/hook/ament_prefix_path.dsv'
[0.742s] INFO:colcon.colcon_core.shell:Creating environment hook '/home/yannic1896/Desktop/Studium/Master/RNM/RNM/rnm-workspace-main/install/rnm_sample/share/rnm_sample/hook/ament_prefix_path.sh'
[0.748s] DEBUG:colcon.colcon_core.shell:Skip shell extension 'dsv' for command environment
[0.863s] INFO:colcon.colcon_core.task.python.build:Building Python package in '/home/yannic1896/Desktop/Studium/Master/RNM/RNM/rnm-workspace-main/ros2_ws/src/rnm_sample'
[0.870s] DEBUG:colcon.colcon_core.shell:Skip shell extension 'dsv' for command environment
[1.147s] DEBUG:colcon.colcon_core.event_handler.log_command:Invoking command in '/home/yannic1896/Desktop/Studium/Master/RNM/RNM/rnm-workspace-main/ros2_ws/src/rnm_sample': DEBUGINFOD_URLS=https://debuginfod.ubuntu.com PYTHONPATH=/home/yannic1896/Desktop/Studium/Master/RNM/RNM/rnm-workspace-main/build/rnm_sample/prefix_override:/home/yannic1896/Desktop/Studium/Master/RNM/RNM/rnm-workspace-main/install/rnm_sample/lib/python3.12/site-packages: /usr/bin/python3 setup.py egg_info --egg-base ../../../build/rnm_sample build --build-base /home/yannic1896/Desktop/Studium/Master/RNM/RNM/rnm-workspace-main/build/rnm_sample/build install --record /home/yannic1896/Desktop/Studium/Master/RNM/RNM/rnm-workspace-main/build/rnm_sample/install.log --single-version-externally-managed
[1.368s] DEBUG:colcon.colcon_core.event_handler.log_command:Invoked command in '/home/yannic1896/Desktop/Studium/Master/RNM/RNM/rnm-workspace-main/ros2_ws/src/rnm_sample' returned '0': DEBUGINFOD_URLS=https://debuginfod.ubuntu.com PYTHONPATH=/home/yannic1896/Desktop/Studium/Master/RNM/RNM/rnm-workspace-main/build/rnm_sample/prefix_override:/home/yannic1896/Desktop/Studium/Master/RNM/RNM/rnm-workspace-main/install/rnm_sample/lib/python3.12/site-packages: /usr/bin/python3 setup.py egg_info --egg-base ../../../build/rnm_sample build --build-base /home/yannic1896/Desktop/Studium/Master/RNM/RNM/rnm-workspace-main/build/rnm_sample/build install --record /home/yannic1896/Desktop/Studium/Master/RNM/RNM/rnm-workspace-main/build/rnm_sample/install.log --single-version-externally-managed
[1.378s] Level 1:colcon.colcon_core.environment:checking '/home/yannic1896/Desktop/Studium/Master/RNM/RNM/rnm-workspace-main/install/rnm_sample' for CMake module files
[1.378s] Level 1:colcon.colcon_core.environment:checking '/home/yannic1896/Desktop/Studium/Master/RNM/RNM/rnm-workspace-main/install/rnm_sample' for CMake config files
[1.378s] Level 1:colcon.colcon_core.environment:checking '/home/yannic1896/Desktop/Studium/Master/RNM/RNM/rnm-workspace-main/install/rnm_sample/lib'
[1.379s] Level 1:colcon.colcon_core.environment:checking '/home/yannic1896/Desktop/Studium/Master/RNM/RNM/rnm-workspace-main/install/rnm_sample/bin'
[1.379s] Level 1:colcon.colcon_core.environment:checking '/home/yannic1896/Desktop/Studium/Master/RNM/RNM/rnm-workspace-main/install/rnm_sample/lib/pkgconfig/rnm_sample.pc'
[1.379s] Level 1:colcon.colcon_core.environment:checking '/home/yannic1896/Desktop/Studium/Master/RNM/RNM/rnm-workspace-main/install/rnm_sample/lib/python3.12/site-packages'
[1.379s] Level 1:colcon.colcon_core.shell:create_environment_hook('rnm_sample', 'pythonpath')
[1.396s] INFO:colcon.colcon_core.shell:Creating environment descriptor '/home/yannic1896/Desktop/Studium/Master/RNM/RNM/rnm-workspace-main/install/rnm_sample/share/rnm_sample/hook/pythonpath.dsv'
[1.396s] INFO:colcon.colcon_core.shell:Creating environment hook '/home/yannic1896/Desktop/Studium/Master/RNM/RNM/rnm-workspace-main/install/rnm_sample/share/rnm_sample/hook/pythonpath.sh'
[1.397s] Level 1:colcon.colcon_core.environment:checking '/home/yannic1896/Desktop/Studium/Master/RNM/RNM/rnm-workspace-main/install/rnm_sample/bin'
[1.397s] Level 1:colcon.colcon_core.environment:create_environment_scripts_only(rnm_sample)
[1.402s] INFO:colcon.colcon_core.shell:Creating package descriptor '/home/yannic1896/Desktop/Studium/Master/RNM/RNM/rnm-workspace-main/install/rnm_sample/share/rnm_sample/package.dsv'
[1.402s] INFO:colcon.colcon_core.shell:Creating package script '/home/yannic1896/Desktop/Studium/Master/RNM/RNM/rnm-workspace-main/install/rnm_sample/share/rnm_sample/package.sh'
[1.403s] INFO:colcon.colcon_core.shell:Creating package script '/home/yannic1896/Desktop/Studium/Master/RNM/RNM/rnm-workspace-main/install/rnm_sample/share/rnm_sample/package.bash'
[1.403s] INFO:colcon.colcon_core.shell:Creating package script '/home/yannic1896/Desktop/Studium/Master/RNM/RNM/rnm-workspace-main/install/rnm_sample/share/rnm_sample/package.zsh'
[1.403s] Level 1:colcon.colcon_core.environment:create_file_with_runtime_dependencies(/home/yannic1896/Desktop/Studium/Master/RNM/RNM/rnm-workspace-main/install/rnm_sample/share/colcon-core/packages/rnm_sample)
[1.403s] DEBUG:colcon.colcon_parallel_executor.executor.parallel:closing loop
[1.404s] DEBUG:colcon.colcon_parallel_executor.executor.parallel:loop closed
[1.404s] DEBUG:colcon.colcon_parallel_executor.executor.parallel:run_until_complete finished with '0'
[1.404s] DEBUG:colcon.colcon_core.event_reactor:joining thread
[1.421s] INFO:colcon.colcon_core.plugin_system:Skipping extension 'colcon_notification.desktop_notification.terminal_notifier': Not used on non-Darwin systems
[1.421s] INFO:colcon.colcon_core.plugin_system:Skipping extension 'colcon_notification.desktop_notification.win32': Not used on non-Windows systems
[1.421s] INFO:colcon.colcon_notification.desktop_notification:Sending desktop notification using 'notify2'
[1.433s] DEBUG:colcon.colcon_core.event_reactor:joined thread
[1.439s] INFO:colcon.colcon_core.shell:Creating prefix script '/home/yannic1896/Desktop/Studium/Master/RNM/RNM/rnm-workspace-main/install/local_setup.sh'
[1.440s] INFO:colcon.colcon_core.shell:Creating prefix util module '/home/yannic1896/Desktop/Studium/Master/RNM/RNM/rnm-workspace-main/install/_local_setup_util_sh.py'
[1.440s] INFO:colcon.colcon_core.shell:Creating prefix chain script '/home/yannic1896/Desktop/Studium/Master/RNM/RNM/rnm-workspace-main/install/setup.sh'
[1.446s] INFO:colcon.colcon_core.shell:Creating prefix script '/home/yannic1896/Desktop/Studium/Master/RNM/RNM/rnm-workspace-main/install/local_setup.bash'
[1.446s] INFO:colcon.colcon_core.shell:Creating prefix chain script '/home/yannic1896/Desktop/Studium/Master/RNM/RNM/rnm-workspace-main/install/setup.bash'
[1.451s] INFO:colcon.colcon_core.shell:Creating prefix script '/home/yannic1896/Desktop/Studium/Master/RNM/RNM/rnm-workspace-main/install/local_setup.zsh'
[1.451s] INFO:colcon.colcon_core.shell:Creating prefix chain script '/home/yannic1896/Desktop/Studium/Master/RNM/RNM/rnm-workspace-main/install/setup.zsh'
