[0.596s] Invoking command in '/ros2_ws/build/rnm_tools': PYTHONPATH=/ros2_ws/build/rnm_tools/prefix_override:/usr/lib/python3/dist-packages/colcon_core/task/python/colcon_distutils_commands:/ros2_ws/install/rnm_tools/lib/python3.10/site-packages:${PYTHONPATH} /usr/bin/python3 -W ignore:setup.py install is deprecated -W ignore:easy_install command is deprecated setup.py develop --editable --build-directory /ros2_ws/build/rnm_tools/build --no-deps symlink_data --force
[0.754s] running develop
[0.789s] running egg_info
[0.789s] writing rnm_tools.egg-info/PKG-INFO
[0.789s] writing dependency_links to rnm_tools.egg-info/dependency_links.txt
[0.789s] writing entry points to rnm_tools.egg-info/entry_points.txt
[0.789s] writing requirements to rnm_tools.egg-info/requires.txt
[0.789s] writing top-level names to rnm_tools.egg-info/top_level.txt
[0.790s] reading manifest file 'rnm_tools.egg-info/SOURCES.txt'
[0.790s] writing manifest file 'rnm_tools.egg-info/SOURCES.txt'
[0.791s] running build_ext
[0.791s] Creating /ros2_ws/install/rnm_tools/lib/python3.10/site-packages/rnm-tools.egg-link (link to .)
[0.792s] Installing joint_command_publisher script to /ros2_ws/install/rnm_tools/lib/rnm_tools
[0.792s] Installing urdf_visualizer script to /ros2_ws/install/rnm_tools/lib/rnm_tools
[0.792s] 
[0.792s] Installed /ros2_ws/build/rnm_tools
[0.792s] running symlink_data
[0.792s] symbolically linking /ros2_ws/build/rnm_tools/resource/rnm_tools -> /ros2_ws/install/rnm_tools/share/ament_index/resource_index/packages
[0.792s] symbolically linking /ros2_ws/build/rnm_tools/package.xml -> /ros2_ws/install/rnm_tools/share/rnm_tools
[0.792s] symbolically linking /ros2_ws/build/rnm_tools/launch/rnm_panda_sim.launch.py -> /ros2_ws/install/rnm_tools/share/rnm_tools/launch
[0.792s] symbolically linking /ros2_ws/build/rnm_tools/launch/visualizer.launch.py -> /ros2_ws/install/rnm_tools/share/rnm_tools/launch
[0.792s] symbolically linking /ros2_ws/build/rnm_tools/config/sim/single_sim_controllers.yaml -> /ros2_ws/install/rnm_tools/share/rnm_tools/config/sim
[0.825s] Invoked command in '/ros2_ws/build/rnm_tools' returned '0': PYTHONPATH=/ros2_ws/build/rnm_tools/prefix_override:/usr/lib/python3/dist-packages/colcon_core/task/python/colcon_distutils_commands:/ros2_ws/install/rnm_tools/lib/python3.10/site-packages:${PYTHONPATH} /usr/bin/python3 -W ignore:setup.py install is deprecated -W ignore:easy_install command is deprecated setup.py develop --editable --build-directory /ros2_ws/build/rnm_tools/build --no-deps symlink_data --force
